Símbolo         Valor Decimal   Valor Hexadecimal
-------         -------------   -----------------
_BOOT                       0                   0
_SISTEMA                  128                  80
_APP                      256                 100
_KERNEL                 32768                8000
_IOAREA16               65408                FF80
_IOAREA08               65472                FFC0
_STACK                  65408                FF80
KBHIT_SR                  170                  AA
GETCHAR_SR                175                  AF
GETTIME_SR                180                  B4
PUTCHAR_SR                185                  B9
PUTMSG_SR                 190                  BE
GETCLOCK_SR               195                  C3
SETCLOCK_SR               200                  C8
_RESET                  32768                8000
KBHIT                       0                   0
GETCHAR                     1                   1
GETTIME                     2                   2
PUTCHAR                     3                   3
PUTMSG                      4                   4
GETCLOCK                    5                   5
SETCLOCK                    6                   6
_S_KBHIT                32852                8054
N_DIGITADA              32862                805E
DIGITADA                32870                8066
_S_GETCHAR              32878                806E
_S_GETTIME              32900                8084
_S_PUTCHAR              32908                808C
_S_PUTMSG               32918                8096
VALIDA_POSICAO          32918                8096
FIM_PUTMSG              32934                80A6
_S_GETCLOCK             32938                80AA
_S_SETCLOCK             32954                80BA
TESTA_HORA              32954                80BA
TESTA_MINUTO            32966                80C6
TESTA_SEGUNDO           32978                80D2
SETA_TEMPO              32990                80DE
ENTRADA_INCONSISTENTE    33002                80EA
RETORNA                 33010                80F2
VALOR_R0                33011                80F3
_S_CLS                  33013                80F5
LOOP_CLS                33025                8101
FIM_CLS                 33035                810B
INTS_ENB                  128                  80
INTS_TIM                    1                   1
NINTS_TIM               65534                FFFE
INTS_TEC                    2                   2
NINTS_TEC               65533                FFFD
TECLA                   33040                8110
SEGUNDOS                33042                8112
HORA                    33044                8114
MINUTO                  33046                8116
SEGUNDO                 33048                8118
_R0                     33050                811A
_R1                     33052                811C
_R2                     33054                811E
_R3                     33056                8120
_R4                     33058                8122
_R5                     33060                8124
_CONTA_TEMPO            33062                8126
_ISR                    33064                8128
VERIFICA_INTERRUPCAO_TEMPO    33088                8140
HOUVE_INTERRUPCAO_TEMPO    33104                8150
ACRESCENTA_SEGUNDOS     33116                815C
REINICIA_CONTA_TEMPO    33120                8160
ACRESCENTA_SEGUNDO      33126                8166
ACRESCENTA_MINUTO       33140                8174
ACRESCENTA_HORA         33158                8186
ZERA_TEMPO              33176                8198
ZERA_TIMER_INTS         33188                81A4
VERIFICA_INTERRUPCAO_TECLADO    33194                81AA
HOUVE_INTERRUPCAO_TECLADO    33202                81B2
ZERA_TECLADO_INTS       33212                81BC
RETORNA_INTERRUPCAO     33218                81C2
IVET                    65470                FFBE
TIMDT                   65495                FFD7
INTS                    65496                FFD8
INTE                    65497                FFD9
TECST                   65498                FFDA
TECDT                   65499                FFDB
VISOR                   65500                FFDC
