Símbolo         Valor Decimal   Valor Hexadecimal
-------         -------------   -----------------
KBHIT                       0                   0
GETCHAR                     1                   1
GETTIME                     2                   2
PUTCHAR                     3                   3
PUTMSG                      4                   4
_APP                      256                 100
_SISTEMA                  128                  80
_VARS                    1024                 400
_WORDS                   1280                 500
_SUBROTINAS              2048                 800
NUM_CARAC_DIG            1024                 400
TEMPO_INICIAL            1026                 402
DELTA_TEMPO              1028                 404
PALAVRA_ATUAL            1030                 406
PALAVRA_DIG              1039                 40F
MSG_INICIAIS             1280                 500
MSG_FINAL                1428                 594
MSG_FINAL2               1462                 5B6
DOIS_P_SPC               1494                 5D6
CERTO_MSG                1498                 5DA
ERROU_MSG                1509                 5E5
SEG_MSG                  1520                 5F0
CLS                      1524                 5F4
TAB_SEQS                 1561                 619
INICIO                    256                 100
EXIBE_MENSAGENS           264                 108
JOGO                      292                 124
LIMPA_VARIAVEIS_JOGO      296                 128
LIMPA_PALAVRA_DIG         318                 13E
LIMPA_PALAVRA_ATUAL       330                 14A
PALAVRA_ALEATORIA         344                 158
CP_PALAVRA_TRANSF         362                 16A
LOOP_CP                   374                 176
PUTS                      378                 17A
INICIA_ENTRADA            426                 1AA
HOUVE_ENTRADA             438                 1B6
TRATA_ENTRADA             450                 1C2
COMPARACAO_1              458                 1CA
COMPARACAO_2              474                 1DA
COMPARACAO_3              490                 1EA
CARAC_FORA_ESCOPO         506                 1FA
BKSPC                     522                 20A
ENTER                     566                 236
VOLTA_ENTRADA             570                 23A
ADD_CARAC                 574                 23E
POE_CURSOR                634                 27A
COMPARACAO                678                 2A6
LACO_COMP                 690                 2B2
ACERTOU                   696                 2B8
ERROU                     702                 2BE
ESCREVE_MSG               706                 2C2
ESCREVE_TEMPO             722                 2D2
PREPARA_POSICAO_ESCRITA      744                 2E8
DESLOCA_BYTES_TEMPO       752                 2F0
ESCREVE_SEG               786                 312
DEMOROU_DEMAIS            808                 328
FIM_DE_JOGO               844                 34C
ESPERA_J_OU_T             868                 364
NOVO_JOGO                 902                 386
TERMINA                   906                 38A
FIM                       934                 3A6
_S_DIVIDIR               2048                 800
__NAO_ZERO               2054                 806
__SUBTRAI_DIVISOR        2082                 822
__BIT_ZERO               2086                 826
__INDICA_ESTOURO         2100                 834
_S_ESPERA_ENTER          2103                 837
_S_CLS                   2118                 846
