Símbolo         Valor Decimal   Valor Hexadecimal
-------         -------------   -----------------
_BOOT                       0                   0
_SISTEMA                  128                  80
_APP                      256                 100
_KERNEL                 32768                8000
_IOAREA16               65408                FF80
_IOAREA08               65472                FFC0
_STACK                  65408                FF80
KBHIT_SR                  190                  BE
GETCHAR_SR                198                  C6
GETTIME_SR                206                  CE
PUTCHAR_SR                214                  D6
PUTMSG_SR                 222                  DE
GETCLOCK_SR               230                  E6
SETCLOCK_SR               238                  EE
VOLTA_SR                  242                  F2
_RESET                  32768                8000
KBHIT                       0                   0
GETCHAR                     1                   1
GETTIME                     2                   2
PUTCHAR                     3                   3
PUTMSG                      4                   4
GETCLOCK                    5                   5
SETCLOCK                    6                   6
_S_KBHIT                32852                8054
N_DIGITADA              32862                805E
DIGITADA                32870                8066
_S_GETCHAR              32878                806E
_S_GETTIME              32900                8084
_S_PUTCHAR              32908                808C
VALIDA_POS              32908                808C
ESCREVE_CARACTERE       32920                8098
FIM_PUTCHAR             32926                809E
_S_PUTMSG               32930                80A2
VALIDA_POSICAO          32930                80A2
INICIO_PUTMSG           32942                80AE
LOOP_PUTMSG             32948                80B4
VOLTA_INCIO_VISOR       32974                80CE
FIM_PUTMSG              32982                80D6
_S_GETCLOCK             32986                80DA
_S_SETCLOCK             33002                80EA
TESTA_HORA              33002                80EA
TESTA_MINUTO            33014                80F6
TESTA_SEGUNDO           33026                8102
SETA_TEMPO              33038                810E
ENTRADA_INCONSISTENTE    33056                8120
RETORNA                 33064                8128
VALOR_R0                33065                8129
_S_CLS                  33067                812B
LOOP_CLS                33079                8137
FIM_CLS                 33089                8141
INTS_ENB                  128                  80
INTS_TIM                    1                   1
NINTS_TIM               65534                FFFE
INTS_TEC                    2                   2
NINTS_TEC               65533                FFFD
TECLA                   33094                8146
SEGUNDOS                33096                8148
HORA                    33098                814A
MINUTO                  33100                814C
SEGUNDO                 33102                814E
_R0                     33104                8150
_R1                     33106                8152
_R2                     33108                8154
_R3                     33110                8156
_R4                     33112                8158
_R5                     33114                815A
_CONTA_TEMPO            33116                815C
_ISR                    33118                815E
VERIFICA_INTERRUPCAO_TEMPO    33142                8176
HOUVE_INTERRUPCAO_TEMPO    33156                8184
ACRESCENTA_SEGUNDOS     33168                8190
REINICIA_CONTA_TEMPO    33172                8194
ACRESCENTA_SEGUNDO      33178                819A
ACRESCENTA_MINUTO       33192                81A8
ACRESCENTA_HORA         33210                81BA
ZERA_TEMPO              33228                81CC
ZERA_TIMER_INTS         33240                81D8
VERIFICA_INTERRUPCAO_TECLADO    33246                81DE
HOUVE_INTERRUPCAO_TECLADO    33260                81EC
ZERA_TECLADO_INTS       33270                81F6
RETORNA_INTERRUPCAO     33276                81FC
IVET                    65470                FFBE
TIMDT                   65495                FFD7
INTS                    65496                FFD8
INTE                    65497                FFD9
TECST                   65498                FFDA
TECDT                   65499                FFDB
VISOR                   65500                FFDC
