Símbolo         Valor Decimal   Valor Hexadecimal
-------         -------------   -----------------
KBHIT                       0                   0
GETCHAR                     1                   1
GETTIME                     2                   2
PUTCHAR                     3                   3
PUTMSG                      4                   4
_APP                      256                 100
_SISTEMA                  128                  80
_VARS                    1024                 400
_WORDS                   1280                 500
_SUBROTINAS              2048                 800
NUM_CARAC_DIG            1024                 400
TEMPO_INICIAL            1026                 402
DELTA_TEMPO              1028                 404
PALAVRA_ATUAL            1030                 406
PALAVRA_DIG              1039                 40F
MSG_INICIAIS             1280                 500
MSG_FINAL                1391                 56F
MSG_FINAL2               1425                 591
DOIS_P_SPC               1457                 5B1
CERTO_MSG                1461                 5B5
ERROU_MSG                1472                 5C0
SEG_MSG                  1483                 5CB
CLS                      1487                 5CF
TAB_SEQS                 1524                 5F4
INICIO                    256                 100
EXIBE_MENSAGENS           264                 108
JOGO                      291                 123
LIMPA_VARIAVEIS_JOGO      295                 127
LIMPA_PALAVRA_DIG         317                 13D
LIMPA_PALAVRA_ATUAL       329                 149
PALAVRA_ALEATORIA         343                 157
CP_PALAVRA_TRANSF         361                 169
LOOP_CP                   373                 175
PUTS                      377                 179
INICIA_ENTRADA            423                 1A7
HOUVE_ENTRADA             435                 1B3
TRATA_ENTRADA             447                 1BF
COMPARACAO_1              455                 1C7
COMPARACAO_2              471                 1D7
COMPARACAO_3              487                 1E7
CARAC_FORA_ESCOPO         503                 1F7
BKSPC                     519                 207
ENTER                     561                 231
VOLTA_ENTRADA             565                 235
ADD_CARAC                 569                 239
POE_CURSOR                629                 275
COMPARACAO                671                 29F
LACO_COMP                 683                 2AB
ACERTOU                   689                 2B1
ERROU                     695                 2B7
ESCREVE_MSG               699                 2BB
ESCREVE_TEMPO             715                 2CB
PREPARA_POSICAO_ESCRITA      737                 2E1
DESLOCA_BYTES_TEMPO       745                 2E9
ESCREVE_SEG               787                 313
DEMOROU_DEMAIS            811                 32B
FIM_DE_JOGO               851                 353
ESPERA_J_OU_T             873                 369
NOVO_JOGO                 907                 38B
TERMINA                   911                 38F
FIM                       937                 3A9
_S_DIVIDIR               2048                 800
__NAO_ZERO               2054                 806
__SUBTRAI_DIVISOR        2082                 822
__BIT_ZERO               2086                 826
__INDICA_ESTOURO         2100                 834
_S_ESPERA_ENTER          2103                 837
_S_CLS                   2118                 846
