Símbolo         Valor Decimal   Valor Hexadecimal
-------         -------------   -----------------
KBHIT                       0                   0
GETCHAR                     1                   1
GETTIME                     2                   2
PUTCHAR                     3                   3
PUTMSG                      4                   4
_APP                      256                 100
_SISTEMA                  128                  80
_VARS                    1024                 400
_WORDS                   1280                 500
_SUBROTINAS              1536                 600
NUM_CARAC_DIG            1024                 400
TEMPO_INICIAL            1026                 402
PALAVRA_ATUAL            1028                 404
PALAVRA_DIG              1037                 40D
CERTO_MSG                1280                 500
ERROU_MSG                1291                 50B
LIMPA_VISOR              1302                 516
TAB_SEQS                 1339                 53B
INICIO                    256                 100
LIMPA_PALAVRA_DIG         270                 10E
LIMPA_PALAVRA_ATUAL       282                 11A
PALAVRA_ALEATORIA         296                 128
CP_PALAVRA_TRANSF         314                 13A
LOOP_CP                   326                 146
PUTS                      330                 14A
INICIA_ENTRADA            404                 194
HOUVE_ENTRADA             416                 1A0
TRATA_ENTRADA             428                 1AC
COMPARACAO_1              436                 1B4
COMPARACAO_2              452                 1C4
COMPARACAO_3              468                 1D4
CARAC_FORA_ESCOPO         484                 1E4
BKSPC                     500                 1F4
ENTER                     544                 220
VOLTA_ENTRADA             548                 224
ADD_CARAC                 552                 228
POE_CURSOR                612                 264
COMPARACAO                656                 290
LACO_COMP                 668                 29C
ACERTOU                   674                 2A2
ERROU                     680                 2A8
ESCREVE_MSG               684                 2AC
ESCREVE_TEMPO             700                 2BC
ESCREVE_TEMPO_DEVDD       718                 2CE
DEMOROU_DEMAIS            758                 2F6
FIM                       794                 31A
