Símbolo         Valor Decimal   Valor Hexadecimal
-------         -------------   -----------------
_BOOT                       0                   0
_SISTEMA                  128                  80
_APP                      256                 100
_KERNEL                 32768                8000
_IOAREA16               65408                FF80
_IOAREA08               65472                FFC0
_STACK                  65408                FF80
KBHIT_SR                  170                  AA
GETCHAR_SR                175                  AF
GETTIME_SR                180                  B4
PUTCHAR_SR                185                  B9
PUTMSG_SR                 190                  BE
GETCLOCK_SR               195                  C3
SETCLOCK_SR               200                  C8
_RESET                  32768                8000
KBHIT                       0                   0
GETCHAR                     1                   1
GETTIME                     2                   2
PUTCHAR                     3                   3
PUTMSG                      4                   4
GETCLOCK                    5                   5
SETCLOCK                    6                   6
REG_0                   32852                8054
REG_1                   32854                8056
REG_2                   32856                8058
REG_3                   32858                805A
REG_4                   32860                805C
_S_KBHIT                32862                805E
N_DIGITADA              32872                8068
DIGITADA                32880                8070
_S_GETCHAR              32888                8078
_S_GETTIME              32910                808E
_S_PUTCHAR              32918                8096
VALIDA_POS              32922                809A
ESCREVE_CARACTERE       32934                80A6
FIM_PUTCHAR             32940                80AC
_S_PUTMSG               32948                80B4
VALIDA_POSICAO          32960                80C0
INICIO_PUTMSG           32972                80CC
LOOP_PUTMSG             32978                80D2
VOLTA_INCIO_VISOR       33004                80EC
FIM_PUTMSG              33012                80F4
_S_GETCLOCK             33028                8104
_S_SETCLOCK             33044                8114
TESTA_HORA              33044                8114
TESTA_MINUTO            33056                8120
TESTA_SEGUNDO           33068                812C
SETA_TEMPO              33080                8138
ENTRADA_INCONSISTENTE    33098                814A
RETORNA                 33106                8152
VALOR_R0                33107                8153
_S_CLS                  33109                8155
LOOP_CLS                33121                8161
FIM_CLS                 33131                816B
INTS_ENB                  128                  80
INTS_TIM                    1                   1
NINTS_TIM               65534                FFFE
INTS_TEC                    2                   2
NINTS_TEC               65533                FFFD
TECLA                   33136                8170
SEGUNDOS                33138                8172
HORA                    33140                8174
MINUTO                  33142                8176
SEGUNDO                 33144                8178
_R0                     33146                817A
_R1                     33148                817C
_R2                     33150                817E
_R3                     33152                8180
_R4                     33154                8182
_R5                     33156                8184
_CONTA_TEMPO            33158                8186
_ISR                    33160                8188
VERIFICA_INTERRUPCAO_TEMPO    33184                81A0
HOUVE_INTERRUPCAO_TEMPO    33198                81AE
ACRESCENTA_SEGUNDOS     33210                81BA
REINICIA_CONTA_TEMPO    33214                81BE
ACRESCENTA_SEGUNDO      33220                81C4
ACRESCENTA_MINUTO       33234                81D2
ACRESCENTA_HORA         33252                81E4
ZERA_TEMPO              33270                81F6
ZERA_TIMER_INTS         33282                8202
VERIFICA_INTERRUPCAO_TECLADO    33288                8208
HOUVE_INTERRUPCAO_TECLADO    33302                8216
ZERA_TECLADO_INTS       33312                8220
RETORNA_INTERRUPCAO     33318                8226
IVET                    65470                FFBE
TIMDT                   65495                FFD7
INTS                    65496                FFD8
INTE                    65497                FFD9
TECST                   65498                FFDA
TECDT                   65499                FFDB
VISOR                   65500                FFDC
